Archive member included to satisfy reference by file (symbol)

c:/ac6/systemworkbench/plugins/fr.ac6.mcu.externaltools.arm-none.win32_1.13.2.201705091103/tools/compiler/bin/../lib/gcc/arm-none-eabi/5.4.1/armv6-m\libgcc.a(_udivsi3.o)
                              StdPeriph_Driver/src/stm32f0xx_rcc.o (__aeabi_uidiv)
c:/ac6/systemworkbench/plugins/fr.ac6.mcu.externaltools.arm-none.win32_1.13.2.201705091103/tools/compiler/bin/../lib/gcc/arm-none-eabi/5.4.1/armv6-m\libgcc.a(_dvmd_tls.o)
                              c:/ac6/systemworkbench/plugins/fr.ac6.mcu.externaltools.arm-none.win32_1.13.2.201705091103/tools/compiler/bin/../lib/gcc/arm-none-eabi/5.4.1/armv6-m\libgcc.a(_udivsi3.o) (__aeabi_idiv0)
c:/ac6/systemworkbench/plugins/fr.ac6.mcu.externaltools.arm-none.win32_1.13.2.201705091103/tools/compiler/bin/../lib/gcc/arm-none-eabi/5.4.1/armv6-m\libgcc.a(_fixunsdfsi.o)
                              src/adc.o (__aeabi_d2uiz)
c:/ac6/systemworkbench/plugins/fr.ac6.mcu.externaltools.arm-none.win32_1.13.2.201705091103/tools/compiler/bin/../lib/gcc/arm-none-eabi/5.4.1/armv6-m\libgcc.a(muldf3.o)
                              src/adc.o (__aeabi_dmul)
c:/ac6/systemworkbench/plugins/fr.ac6.mcu.externaltools.arm-none.win32_1.13.2.201705091103/tools/compiler/bin/../lib/gcc/arm-none-eabi/5.4.1/armv6-m\libgcc.a(subdf3.o)
                              c:/ac6/systemworkbench/plugins/fr.ac6.mcu.externaltools.arm-none.win32_1.13.2.201705091103/tools/compiler/bin/../lib/gcc/arm-none-eabi/5.4.1/armv6-m\libgcc.a(_fixunsdfsi.o) (__aeabi_dsub)
c:/ac6/systemworkbench/plugins/fr.ac6.mcu.externaltools.arm-none.win32_1.13.2.201705091103/tools/compiler/bin/../lib/gcc/arm-none-eabi/5.4.1/armv6-m\libgcc.a(fixdfsi.o)
                              c:/ac6/systemworkbench/plugins/fr.ac6.mcu.externaltools.arm-none.win32_1.13.2.201705091103/tools/compiler/bin/../lib/gcc/arm-none-eabi/5.4.1/armv6-m\libgcc.a(_fixunsdfsi.o) (__aeabi_d2iz)
c:/ac6/systemworkbench/plugins/fr.ac6.mcu.externaltools.arm-none.win32_1.13.2.201705091103/tools/compiler/bin/../lib/gcc/arm-none-eabi/5.4.1/armv6-m\libgcc.a(floatunsidf.o)
                              src/adc.o (__aeabi_ui2d)
c:/ac6/systemworkbench/plugins/fr.ac6.mcu.externaltools.arm-none.win32_1.13.2.201705091103/tools/compiler/bin/../lib/gcc/arm-none-eabi/5.4.1/armv6-m\libgcc.a(_arm_cmpdf2.o)
                              c:/ac6/systemworkbench/plugins/fr.ac6.mcu.externaltools.arm-none.win32_1.13.2.201705091103/tools/compiler/bin/../lib/gcc/arm-none-eabi/5.4.1/armv6-m\libgcc.a(_fixunsdfsi.o) (__aeabi_dcmpge)
c:/ac6/systemworkbench/plugins/fr.ac6.mcu.externaltools.arm-none.win32_1.13.2.201705091103/tools/compiler/bin/../lib/gcc/arm-none-eabi/5.4.1/armv6-m\libgcc.a(_clzsi2.o)
                              c:/ac6/systemworkbench/plugins/fr.ac6.mcu.externaltools.arm-none.win32_1.13.2.201705091103/tools/compiler/bin/../lib/gcc/arm-none-eabi/5.4.1/armv6-m\libgcc.a(muldf3.o) (__clzsi2)
c:/ac6/systemworkbench/plugins/fr.ac6.mcu.externaltools.arm-none.win32_1.13.2.201705091103/tools/compiler/bin/../lib/gcc/arm-none-eabi/5.4.1/armv6-m\libgcc.a(eqdf2.o)
                              c:/ac6/systemworkbench/plugins/fr.ac6.mcu.externaltools.arm-none.win32_1.13.2.201705091103/tools/compiler/bin/../lib/gcc/arm-none-eabi/5.4.1/armv6-m\libgcc.a(_arm_cmpdf2.o) (__eqdf2)
c:/ac6/systemworkbench/plugins/fr.ac6.mcu.externaltools.arm-none.win32_1.13.2.201705091103/tools/compiler/bin/../lib/gcc/arm-none-eabi/5.4.1/armv6-m\libgcc.a(gedf2.o)
                              c:/ac6/systemworkbench/plugins/fr.ac6.mcu.externaltools.arm-none.win32_1.13.2.201705091103/tools/compiler/bin/../lib/gcc/arm-none-eabi/5.4.1/armv6-m\libgcc.a(_arm_cmpdf2.o) (__gedf2)
c:/ac6/systemworkbench/plugins/fr.ac6.mcu.externaltools.arm-none.win32_1.13.2.201705091103/tools/compiler/bin/../lib/gcc/arm-none-eabi/5.4.1/armv6-m\libgcc.a(ledf2.o)
                              c:/ac6/systemworkbench/plugins/fr.ac6.mcu.externaltools.arm-none.win32_1.13.2.201705091103/tools/compiler/bin/../lib/gcc/arm-none-eabi/5.4.1/armv6-m\libgcc.a(_arm_cmpdf2.o) (__ledf2)
c:/ac6/systemworkbench/plugins/fr.ac6.mcu.externaltools.arm-none.win32_1.13.2.201705091103/tools/compiler/bin/../lib/gcc/arm-none-eabi/5.4.1/../../../../arm-none-eabi/lib/armv6-m\libc.a(lib_a-errno.o)
                              src/syscalls.o (__errno)
c:/ac6/systemworkbench/plugins/fr.ac6.mcu.externaltools.arm-none.win32_1.13.2.201705091103/tools/compiler/bin/../lib/gcc/arm-none-eabi/5.4.1/../../../../arm-none-eabi/lib/armv6-m\libc.a(lib_a-exit.o)
                              c:/ac6/systemworkbench/plugins/fr.ac6.mcu.externaltools.arm-none.win32_1.13.2.201705091103/tools/compiler/bin/../lib/gcc/arm-none-eabi/5.4.1/../../../../arm-none-eabi/lib/armv6-m/crt0.o (exit)
c:/ac6/systemworkbench/plugins/fr.ac6.mcu.externaltools.arm-none.win32_1.13.2.201705091103/tools/compiler/bin/../lib/gcc/arm-none-eabi/5.4.1/../../../../arm-none-eabi/lib/armv6-m\libc.a(lib_a-impure.o)
[...]
Memory Configuration

Name             Origin             Length             Attributes
RAM              0x20000000         0x00001000         xrw
ROM              0x08000000         0x00008000         xr
*default*        0x00000000         0xffffffff

Linker script and memory map

LOAD c:/ac6/systemworkbench/plugins/fr.ac6.mcu.externaltools.arm-none.win32_1.13.2.201705091103/tools/compiler/bin/../lib/gcc/arm-none-eabi/5.4.1/armv6-m/crti.o
LOAD c:/ac6/systemworkbench/plugins/fr.ac6.mcu.externaltools.arm-none.win32_1.13.2.201705091103/tools/compiler/bin/../lib/gcc/arm-none-eabi/5.4.1/armv6-m/crtbegin.o
LOAD c:/ac6/systemworkbench/plugins/fr.ac6.mcu.externaltools.arm-none.win32_1.13.2.201705091103/tools/compiler/bin/../lib/gcc/arm-none-eabi/5.4.1/../../../../arm-none-eabi/lib/armv6-m/crt0.o
LOAD StdPeriph_Driver/src/stm32f0xx_adc.o
LOAD StdPeriph_Driver/src/stm32f0xx_can.o
LOAD StdPeriph_Driver/src/stm32f0xx_cec.o
LOAD StdPeriph_Driver/src/stm32f0xx_comp.o
LOAD StdPeriph_Driver/src/stm32f0xx_crc.o
LOAD StdPeriph_Driver/src/stm32f0xx_crs.o
LOAD StdPeriph_Driver/src/stm32f0xx_dac.o
LOAD StdPeriph_Driver/src/stm32f0xx_dbgmcu.o
LOAD StdPeriph_Driver/src/stm32f0xx_dma.o
LOAD StdPeriph_Driver/src/stm32f0xx_exti.o
LOAD StdPeriph_Driver/src/stm32f0xx_flash.o
LOAD StdPeriph_Driver/src/stm32f0xx_gpio.o
LOAD StdPeriph_Driver/src/stm32f0xx_i2c.o
LOAD StdPeriph_Driver/src/stm32f0xx_iwdg.o
LOAD StdPeriph_Driver/src/stm32f0xx_misc.o
LOAD StdPeriph_Driver/src/stm32f0xx_pwr.o
LOAD StdPeriph_Driver/src/stm32f0xx_rcc.o
LOAD StdPeriph_Driver/src/stm32f0xx_rtc.o
LOAD StdPeriph_Driver/src/stm32f0xx_spi.o
LOAD StdPeriph_Driver/src/stm32f0xx_syscfg.o
LOAD StdPeriph_Driver/src/stm32f0xx_tim.o
LOAD StdPeriph_Driver/src/stm32f0xx_usart.o
LOAD StdPeriph_Driver/src/stm32f0xx_wwdg.o
LOAD src/adc.o
LOAD src/delay.o
LOAD src/main.o
LOAD src/motors.o
LOAD src/rcc.o
LOAD src/syscalls.o
LOAD src/system_stm32f0xx.o
LOAD src/usart.o
LOAD startup/startup_stm32.o
LOAD c:/ac6/systemworkbench/plugins/fr.ac6.mcu.externaltools.arm-none.win32_1.13.2.201705091103/tools/compiler/bin/../lib/gcc/arm-none-eabi/5.4.1/../../../../arm-none-eabi/lib/armv6-m\libm.a
START GROUP
LOAD c:/ac6/systemworkbench/plugins/fr.ac6.mcu.externaltools.arm-none.win32_1.13.2.201705091103/tools/compiler/bin/../lib/gcc/arm-none-eabi/5.4.1/armv6-m\libgcc.a
LOAD c:/ac6/systemworkbench/plugins/fr.ac6.mcu.externaltools.arm-none.win32_1.13.2.201705091103/tools/compiler/bin/../lib/gcc/arm-none-eabi/5.4.1/../../../../arm-none-eabi/lib/armv6-m\libc.a
END GROUP
LOAD c:/ac6/systemworkbench/plugins/fr.ac6.mcu.externaltools.arm-none.win32_1.13.2.201705091103/tools/compiler/bin/../lib/gcc/arm-none-eabi/5.4.1/armv6-m/crtend.o
LOAD c:/ac6/systemworkbench/plugins/fr.ac6.mcu.externaltools.arm-none.win32_1.13.2.201705091103/tools/compiler/bin/../lib/gcc/arm-none-eabi/5.4.1/armv6-m/crtn.o
                0x20001000                _estack = 0x20001000
                0x00000000                _Min_Heap_Size = 0x0
                0x00000400                _Min_Stack_Size = 0x400

.isr_vector     0x08000000       0xc0
                0x08000000                . = ALIGN (0x4)
 *(.isr_vector)
 .isr_vector    0x08000000       0xc0 startup/startup_stm32.o
                0x08000000                g_pfnVectors
                0x080000c0                . = ALIGN (0x4)

.text           0x080000c0     0x39b4
                0x080000c0                . = ALIGN (0x4)
 *(.text)
 .text          0x080000c0       0x60 c:/ac6/systemworkbench/plugins/fr.ac6.mcu.externaltools.arm-none.win32_1.13.2.201705091103/tools/compiler/bin/../lib/gcc/arm-none-eabi/5.4.1/armv6-m/crtbegin.o
 .text          0x08000120      0x114 c:/ac6/systemworkbench/plugins/fr.ac6.mcu.externaltools.arm-none.win32_1.13.2.201705091103/tools/compiler/bin/../lib/gcc/arm-none-eabi/5.4.1/armv6-m\libgcc.a(_udivsi3.o)
                0x08000120                __aeabi_uidiv
                0x08000120                __udivsi3
                0x0800022c                __aeabi_uidivmod
 .text          0x08000234        0x4 c:/ac6/systemworkbench/plugins/fr.ac6.mcu.externaltools.arm-none.win32_1.13.2.201705091103/tools/compiler/bin/../lib/gcc/arm-none-eabi/5.4.1/armv6-m\libgcc.a(_dvmd_tls.o)
                0x08000234                __aeabi_idiv0
                0x08000234                __aeabi_ldiv0
 .text          0x08000238       0x3c c:/ac6/systemworkbench/plugins/fr.ac6.mcu.externaltools.arm-none.win32_1.13.2.201705091103/tools/compiler/bin/../lib/gcc/arm-none-eabi/5.4.1/armv6-m\libgcc.a(_fixunsdfsi.o)
                0x08000238                __aeabi_d2uiz
                0x08000238                __fixunsdfsi
 .text          0x08000274      0x4f4 c:/ac6/systemworkbench/plugins/fr.ac6.mcu.externaltools.arm-none.win32_1.13.2.201705091103/tools/compiler/bin/../lib/gcc/arm-none-eabi/5.4.1/armv6-m\libgcc.a(muldf3.o)
                0x08000274                __aeabi_dmul
 .text          0x08000768      0x6a8 c:/ac6/systemworkbench/plugins/fr.ac6.mcu.externaltools.arm-none.win32_1.13.2.201705091103/tools/compiler/bin/../lib/gcc/arm-none-eabi/5.4.1/armv6-m\libgcc.a(subdf3.o)
                0x08000768                __aeabi_dsub
 .text          0x08000e10       0x6c c:/ac6/systemworkbench/plugins/fr.ac6.mcu.externaltools.arm-none.win32_1.13.2.201705091103/tools/compiler/bin/../lib/gcc/arm-none-eabi/5.4.1/armv6-m\libgcc.a(fixdfsi.o)
                0x08000e10                __aeabi_d2iz
 .text          0x08000e7c       0x70 c:/ac6/systemworkbench/plugins/fr.ac6.mcu.externaltools.arm-none.win32_1.13.2.201705091103/tools/compiler/bin/../lib/gcc/arm-none-eabi/5.4.1/armv6-m\libgcc.a(floatunsidf.o)
                0x08000e7c                __aeabi_ui2d
 .text          0x08000eec       0x7c c:/ac6/systemworkbench/plugins/fr.ac6.mcu.externaltools.arm-none.win32_1.13.2.201705091103/tools/compiler/bin/../lib/gcc/arm-none-eabi/5.4.1/armv6-m\libgcc.a(_arm_cmpdf2.o)
                0x08000eec                __aeabi_cdrcmple
                0x08000efc                __aeabi_cdcmple
                0x08000efc                __aeabi_cdcmpeq
                0x08000f0c                __aeabi_dcmpeq
                0x08000f18                __aeabi_dcmplt
                0x08000f2c                __aeabi_dcmple
                0x08000f40                __aeabi_dcmpgt
                0x08000f54                __aeabi_dcmpge
 .text          0x08000f68       0x3c c:/ac6/systemworkbench/plugins/fr.ac6.mcu.externaltools.arm-none.win32_1.13.2.201705091103/tools/compiler/bin/../lib/gcc/arm-none-eabi/5.4.1/armv6-m\libgcc.a(_clzsi2.o)
                0x08000f68                __clzsi2
 .text          0x08000fa4       0x80 c:/ac6/systemworkbench/plugins/fr.ac6.mcu.externaltools.arm-none.win32_1.13.2.201705091103/tools/compiler/bin/../lib/gcc/arm-none-eabi/5.4.1/armv6-m\libgcc.a(eqdf2.o)
                0x08000fa4                __nedf2
                0x08000fa4                __eqdf2
 .text          0x08001024       0xc8 c:/ac6/systemworkbench/plugins/fr.ac6.mcu.externaltools.arm-none.win32_1.13.2.201705091103/tools/compiler/bin/../lib/gcc/arm-none-eabi/5.4.1/armv6-m\libgcc.a(gedf2.o)
                0x08001024                __gedf2
                0x08001024                __gtdf2
 .text          0x080010ec       0xd4 c:/ac6/systemworkbench/plugins/fr.ac6.mcu.externaltools.arm-none.win32_1.13.2.201705091103/tools/compiler/bin/../lib/gcc/arm-none-eabi/5.4.1/armv6-m\libgcc.a(ledf2.o)
                0x080010ec                __ledf2
                0x080010ec                __ltdf2
 *(.text*)
 .text.ADC_Init
                0x080011c0       0x58 StdPeriph_Driver/src/stm32f0xx_adc.o
                0x080011c0                ADC_Init
 .text.ADC_Cmd  0x08001218       0x38 StdPeriph_Driver/src/stm32f0xx_adc.o
                0x08001218                ADC_Cmd
 .text.ADC_ChannelConfig
                0x08001250       0x3c StdPeriph_Driver/src/stm32f0xx_adc.o
                0x08001250                ADC_ChannelConfig
 .text.ADC_GetCalibrationFactor
                0x0800128c       0x60 StdPeriph_Driver/src/stm32f0xx_adc.o
                0x0800128c                ADC_GetCalibrationFactor
 .text.ADC_StartOfConversion
                0x080012ec       0x1c StdPeriph_Driver/src/stm32f0xx_adc.o
                0x080012ec                ADC_StartOfConversion
 .text.ADC_GetFlagStatus
                0x08001308       0x60 StdPeriph_Driver/src/stm32f0xx_adc.o
                0x08001308                ADC_GetFlagStatus
 .text.FLASH_SetLatency
                0x08001368       0x34 StdPeriph_Driver/src/stm32f0xx_flash.o
                0x08001368                FLASH_SetLatency
 .text.FLASH_PrefetchBufferCmd
                0x0800139c       0x3c StdPeriph_Driver/src/stm32f0xx_flash.o
                0x0800139c                FLASH_PrefetchBufferCmd
 .text.GPIO_Init
                0x080013d8      0x128 StdPeriph_Driver/src/stm32f0xx_gpio.o
                0x080013d8                GPIO_Init
 .text.GPIO_PinAFConfig
                0x08001500       0xa4 StdPeriph_Driver/src/stm32f0xx_gpio.o
                0x08001500                GPIO_PinAFConfig
 .text.NVIC_Init
                0x080015a4       0xac StdPeriph_Driver/src/stm32f0xx_misc.o
                0x080015a4                NVIC_Init
 .text.RCC_DeInit
                0x08001650       0x88 StdPeriph_Driver/src/stm32f0xx_rcc.o
                0x08001650                RCC_DeInit
 .text.RCC_HSEConfig
                0x080016d8       0x28 StdPeriph_Driver/src/stm32f0xx_rcc.o
                0x080016d8                RCC_HSEConfig
 .text.RCC_WaitForHSEStartUp
                0x08001700       0x60 StdPeriph_Driver/src/stm32f0xx_rcc.o
                0x08001700                RCC_WaitForHSEStartUp
 .text.RCC_PLLConfig
                0x08001760       0x38 StdPeriph_Driver/src/stm32f0xx_rcc.o
                0x08001760                RCC_PLLConfig
 .text.RCC_PLLCmd
                0x08001798       0x40 StdPeriph_Driver/src/stm32f0xx_rcc.o
                0x08001798                RCC_PLLCmd
 .text.RCC_SYSCLKConfig
                0x080017d8       0x34 StdPeriph_Driver/src/stm32f0xx_rcc.o
                0x080017d8                RCC_SYSCLKConfig
 .text.RCC_GetSYSCLKSource
                0x0800180c       0x1c StdPeriph_Driver/src/stm32f0xx_rcc.o
                0x0800180c                RCC_GetSYSCLKSource
 .text.RCC_HCLKConfig
                0x08001828       0x34 StdPeriph_Driver/src/stm32f0xx_rcc.o
                0x08001828                RCC_HCLKConfig
 .text.RCC_PCLKConfig
                0x0800185c       0x38 StdPeriph_Driver/src/stm32f0xx_rcc.o
                0x0800185c                RCC_PCLKConfig
 .text.RCC_GetClocksFreq
                0x08001894      0x2d0 StdPeriph_Driver/src/stm32f0xx_rcc.o
                0x08001894                RCC_GetClocksFreq
 .text.RCC_AHBPeriphClockCmd
                0x08001b64       0x40 StdPeriph_Driver/src/stm32f0xx_rcc.o
                0x08001b64                RCC_AHBPeriphClockCmd
 .text.RCC_APB2PeriphClockCmd
                0x08001ba4       0x40 StdPeriph_Driver/src/stm32f0xx_rcc.o
                0x08001ba4                RCC_APB2PeriphClockCmd
 .text.RCC_APB1PeriphClockCmd
                0x08001be4       0x40 StdPeriph_Driver/src/stm32f0xx_rcc.o
                0x08001be4                RCC_APB1PeriphClockCmd
 .text.RCC_GetFlagStatus
                0x08001c24       0x94 StdPeriph_Driver/src/stm32f0xx_rcc.o
                0x08001c24                RCC_GetFlagStatus
 .text.TIM_TimeBaseInit
                0x08001cb8       0xf0 StdPeriph_Driver/src/stm32f0xx_tim.o
                0x08001cb8                TIM_TimeBaseInit
 .text.TIM_TimeBaseStructInit
                0x08001da8       0x30 StdPeriph_Driver/src/stm32f0xx_tim.o
                0x08001da8                TIM_TimeBaseStructInit
 .text.TIM_Cmd  0x08001dd8       0x40 StdPeriph_Driver/src/stm32f0xx_tim.o
                0x08001dd8                TIM_Cmd
 .text.TIM_CtrlPWMOutputs
                0x08001e18       0x4c StdPeriph_Driver/src/stm32f0xx_tim.o
                0x08001e18                TIM_CtrlPWMOutputs
 .text.TIM_OC1Init
                0x08001e64      0x1a4 StdPeriph_Driver/src/stm32f0xx_tim.o
                0x08001e64                TIM_OC1Init
 .text.TIM_OC2Init
                0x08002008      0x1b8 StdPeriph_Driver/src/stm32f0xx_tim.o
                0x08002008                TIM_OC2Init
 .text.TIM_OC3Init
                0x080021c0      0x1a8 StdPeriph_Driver/src/stm32f0xx_tim.o
                0x080021c0                TIM_OC3Init
 .text.TIM_OC4Init
                0x08002368      0x138 StdPeriph_Driver/src/stm32f0xx_tim.o
                0x08002368                TIM_OC4Init
 .text.USART_Init
                0x080024a0      0x18c StdPeriph_Driver/src/stm32f0xx_usart.o
                0x080024a0                USART_Init
 .text.USART_Cmd
                0x0800262c       0x3c StdPeriph_Driver/src/stm32f0xx_usart.o
                0x0800262c                USART_Cmd
 .text.USART_SendData
                0x08002668       0x24 StdPeriph_Driver/src/stm32f0xx_usart.o
                0x08002668                USART_SendData
 .text.USART_ReceiveData
                0x0800268c       0x1c StdPeriph_Driver/src/stm32f0xx_usart.o
                0x0800268c                USART_ReceiveData
 .text.USART_ITConfig
                0x080026a8       0x84 StdPeriph_Driver/src/stm32f0xx_usart.o
                0x080026a8                USART_ITConfig
 .text.USART_GetFlagStatus
                0x0800272c       0x3c StdPeriph_Driver/src/stm32f0xx_usart.o
                0x0800272c                USART_GetFlagStatus
 .text.USART_ClearFlag
                0x08002768       0x18 StdPeriph_Driver/src/stm32f0xx_usart.o
                0x08002768                USART_ClearFlag
 .text.USART_GetITStatus
                0x08002780       0xb0 StdPeriph_Driver/src/stm32f0xx_usart.o
                0x08002780                USART_GetITStatus
 .text.ADCInit  0x08002830       0xc8 src/adc.o
                0x08002830                ADCInit
 .text.GetVoltage
                0x080028f8       0x38 src/adc.o
                0x080028f8                GetVoltage
 .text.DelayInit
                0x08002930       0x60 src/delay.o
                0x08002930                DelayInit
 .text.Delay_us
                0x08002990       0x30 src/delay.o
                0x08002990                Delay_us
 .text.Delay_ms
                0x080029c0       0x34 src/delay.o
                0x080029c0                Delay_ms
 .text.NVIC_SetPriority
                0x080029f4       0xdc src/main.o
 .text.NVIC_SystemReset
                0x08002ad0       0x1c src/main.o
 .text.SysTick_Config
                0x08002aec       0x48 src/main.o
 .text.main     0x08002b34      0x308 src/main.o
                0x08002b34                main
 .text.USART1_IRQHandler
                0x08002e3c      0x330 src/main.o
                0x08002e3c                USART1_IRQHandler
 .text.SysTick_Handler
                0x0800316c      0x13c src/main.o
                0x0800316c                SysTick_Handler
 .text.MotorsPWMInit
                0x080032a8      0x14c src/motors.o
                0x080032a8                MotorsPWMInit
 .text.RCCInit  0x080033f4       0x78 src/rcc.o
                0x080033f4                RCCInit
 .text.SystemInit
                0x0800346c       0x8c src/system_stm32f0xx.o
                0x0800346c                SystemInit
 .text.SetSysClock
                0x080034f8       0xe0 src/system_stm32f0xx.o
 .text.NVIC_EnableIRQ
                0x080035d8       0x2c src/usart.o
 .text.USARTInit
                0x08003604       0xe4 src/usart.o
                0x08003604                USARTInit
 .text.USARTSendNow
                0x080036e8       0x84 src/usart.o
                0x080036e8                USARTSendNow
 .text.Reset_Handler
                0x0800376c       0x48 startup/startup_stm32.o
                0x0800376c                Reset_Handler
 .text.Default_Handler
                0x080037b4        0x2 startup/startup_stm32.o
                0x080037b4                DebugMon_Handler
                0x080037b4                TIM1_CC_IRQHandler
                0x080037b4                HardFault_Handler
                0x080037b4                TIM6_IRQHandler
                0x080037b4                PendSV_Handler
                0x080037b4                NMI_Handler
                0x080037b4                I2C1_IRQHandler
                0x080037b4                UsageFault_Handler
                0x080037b4                SPI1_IRQHandler
                0x080037b4                DMA_Channel1_IRQHandler
                0x080037b4                EXTI2_3_IRQHandler
                0x080037b4                ADC1_IRQHandler
                0x080037b4                I2C2_IRQHandler
                0x080037b4                USART3_6_IRQHandler
                0x080037b4                TIM17_IRQHandler
                0x080037b4                RTC_IRQHandler
                0x080037b4                TIM16_IRQHandler
                0x080037b4                TIM3_IRQHandler
                0x080037b4                EXTI4_15_IRQHandler
                0x080037b4                RCC_IRQHandler
                0x080037b4                Default_Handler
                0x080037b4                TIM14_IRQHandler
                0x080037b4                TIM15_IRQHandler
                0x080037b4                EXTI0_1_IRQHandler
                0x080037b4                USB_IRQHandler
                0x080037b4                SPI2_IRQHandler
                0x080037b4                MemManage_Handler
                0x080037b4                SVC_Handler
                0x080037b4                WWDG_IRQHandler
                0x080037b4                DMA_Channel4_5_IRQHandler
                0x080037b4                USART2_IRQHandler
                0x080037b4                DMA_Channel2_3_IRQHandler
                0x080037b4                FLASH_IRQHandler
                0x080037b4                BusFault_Handler
                0x080037b4                TIM1_BRK_UP_TRG_COM_IRQHandler
 *fill*         0x080037b6        0x2 
 .text.__libc_init_array
                0x080037b8       0x48 c:/ac6/systemworkbench/plugins/fr.ac6.mcu.externaltools.arm-none.win32_1.13.2.201705091103/tools/compiler/bin/../lib/gcc/arm-none-eabi/5.4.1/../../../../arm-none-eabi/lib/armv6-m\libc.a(lib_a-init.o)
                0x080037b8                __libc_init_array
 .text.__itoa   0x08003800       0x30 c:/ac6/systemworkbench/plugins/fr.ac6.mcu.externaltools.arm-none.win32_1.13.2.201705091103/tools/compiler/bin/../lib/gcc/arm-none-eabi/5.4.1/../../../../arm-none-eabi/lib/armv6-m\libc.a(lib_a-itoa.o)
                0x08003800                __itoa
 .text.itoa     0x08003830        0x8 c:/ac6/systemworkbench/plugins/fr.ac6.mcu.externaltools.arm-none.win32_1.13.2.201705091103/tools/compiler/bin/../lib/gcc/arm-none-eabi/5.4.1/../../../../arm-none-eabi/lib/armv6-m\libc.a(lib_a-itoa.o)
                0x08003830                itoa
 .text.strlen   0x08003838       0x68 c:/ac6/systemworkbench/plugins/fr.ac6.mcu.externaltools.arm-none.win32_1.13.2.201705091103/tools/compiler/bin/../lib/gcc/arm-none-eabi/5.4.1/../../../../arm-none-eabi/lib/armv6-m\libc.a(lib_a-strlen-stub.o)
                0x08003838                strlen
 .text.__utoa   0x080038a0       0x8c c:/ac6/systemworkbench/plugins/fr.ac6.mcu.externaltools.arm-none.win32_1.13.2.201705091103/tools/compiler/bin/../lib/gcc/arm-none-eabi/5.4.1/../../../../arm-none-eabi/lib/armv6-m\libc.a(lib_a-utoa.o)
                0x080038a0                __utoa
 .text.startup.register_fini
                0x0800392c       0x18 c:/ac6/systemworkbench/plugins/fr.ac6.mcu.externaltools.arm-none.win32_1.13.2.201705091103/tools/compiler/bin/../lib/gcc/arm-none-eabi/5.4.1/../../../../arm-none-eabi/lib/armv6-m\libc.a(lib_a-__call_atexit.o)
 .text.atexit   0x08003944       0x10 c:/ac6/systemworkbench/plugins/fr.ac6.mcu.externaltools.arm-none.win32_1.13.2.201705091103/tools/compiler/bin/../lib/gcc/arm-none-eabi/5.4.1/../../../../arm-none-eabi/lib/armv6-m\libc.a(lib_a-atexit.o)
                0x08003944                atexit
 .text.__libc_fini_array
                0x08003954       0x34 c:/ac6/systemworkbench/plugins/fr.ac6.mcu.externaltools.arm-none.win32_1.13.2.201705091103/tools/compiler/bin/../lib/gcc/arm-none-eabi/5.4.1/../../../../arm-none-eabi/lib/armv6-m\libc.a(lib_a-fini.o)
                0x08003954                __libc_fini_array
 .text.__register_exitproc
                0x08003988       0xd4 c:/ac6/systemworkbench/plugins/fr.ac6.mcu.externaltools.arm-none.win32_1.13.2.201705091103/tools/compiler/bin/../lib/gcc/arm-none-eabi/5.4.1/../../../../arm-none-eabi/lib/armv6-m\libc.a(lib_a-__atexit.o)
                0x08003988                __register_exitproc
 *(.glue_7)
 .glue_7        0x08003a5c        0x0 linker stubs
 *(.glue_7t)
 .glue_7t       0x08003a5c        0x0 linker stubs
 *(.eh_frame)
 .eh_frame      0x08003a5c        0x0 c:/ac6/systemworkbench/plugins/fr.ac6.mcu.externaltools.arm-none.win32_1.13.2.201705091103/tools/compiler/bin/../lib/gcc/arm-none-eabi/5.4.1/armv6-m/crtbegin.o
 *(.init)
 .init          0x08003a5c        0x4 c:/ac6/systemworkbench/plugins/fr.ac6.mcu.externaltools.arm-none.win32_1.13.2.201705091103/tools/compiler/bin/../lib/gcc/arm-none-eabi/5.4.1/armv6-m/crti.o
                0x08003a5c                _init
 .init          0x08003a60        0x8 c:/ac6/systemworkbench/plugins/fr.ac6.mcu.externaltools.arm-none.win32_1.13.2.201705091103/tools/compiler/bin/../lib/gcc/arm-none-eabi/5.4.1/armv6-m/crtn.o
 *(.fini)
 .fini          0x08003a68        0x4 c:/ac6/systemworkbench/plugins/fr.ac6.mcu.externaltools.arm-none.win32_1.13.2.201705091103/tools/compiler/bin/../lib/gcc/arm-none-eabi/5.4.1/armv6-m/crti.o
                0x08003a68                _fini
 .fini          0x08003a6c        0x8 c:/ac6/systemworkbench/plugins/fr.ac6.mcu.externaltools.arm-none.win32_1.13.2.201705091103/tools/compiler/bin/../lib/gcc/arm-none-eabi/5.4.1/armv6-m/crtn.o
                0x08003a74                . = ALIGN (0x4)
                0x08003a74                _etext = .

.vfp11_veneer   0x08003a74        0x0
 .vfp11_veneer  0x08003a74        0x0 linker stubs

.v4_bx          0x08003a74        0x0
 .v4_bx         0x08003a74        0x0 linker stubs

.iplt           0x08003a74        0x0
 .iplt          0x08003a74        0x0 c:/ac6/systemworkbench/plugins/fr.ac6.mcu.externaltools.arm-none.win32_1.13.2.201705091103/tools/compiler/bin/../lib/gcc/arm-none-eabi/5.4.1/armv6-m/crtbegin.o

.rodata         0x08003a74      0x1dc
                0x08003a74                . = ALIGN (0x4)
 *(.rodata)
 .rodata        0x08003a74      0x16e src/main.o
 *fill*         0x08003be2        0x2 
 .rodata        0x08003be4       0x40 c:/ac6/systemworkbench/plugins/fr.ac6.mcu.externaltools.arm-none.win32_1.13.2.201705091103/tools/compiler/bin/../lib/gcc/arm-none-eabi/5.4.1/armv6-m\libgcc.a(muldf3.o)
 *(.rodata*)
 .rodata._global_impure_ptr
                0x08003c24        0x4 c:/ac6/systemworkbench/plugins/fr.ac6.mcu.externaltools.arm-none.win32_1.13.2.201705091103/tools/compiler/bin/../lib/gcc/arm-none-eabi/5.4.1/../../../../arm-none-eabi/lib/armv6-m\libc.a(lib_a-impure.o)
                0x08003c24                _global_impure_ptr
 .rodata.str1.4
                0x08003c28       0x28 c:/ac6/systemworkbench/plugins/fr.ac6.mcu.externaltools.arm-none.win32_1.13.2.201705091103/tools/compiler/bin/../lib/gcc/arm-none-eabi/5.4.1/../../../../arm-none-eabi/lib/armv6-m\libc.a(lib_a-utoa.o)
                                 0x25 (size before relaxing)
                0x08003c50                . = ALIGN (0x4)

.rel.dyn        0x08003c50        0x0
 .rel.iplt      0x08003c50        0x0 c:/ac6/systemworkbench/plugins/fr.ac6.mcu.externaltools.arm-none.win32_1.13.2.201705091103/tools/compiler/bin/../lib/gcc/arm-none-eabi/5.4.1/armv6-m/crtbegin.o

.ARM.extab      0x08003c50        0x0
                0x08003c50                . = ALIGN (0x4)
 *(.ARM.extab* .gnu.linkonce.armextab.*)
                0x08003c50                . = ALIGN (0x4)

.ARM            0x08003c50        0x0
                0x08003c50                . = ALIGN (0x4)
                0x08003c50                __exidx_start = .
 *(.ARM.exidx*)
                0x08003c50                __exidx_end = .
                0x08003c50                . = ALIGN (0x4)

.preinit_array  0x08003c50        0x0
                0x08003c50                . = ALIGN (0x4)
                0x08003c50                PROVIDE (__preinit_array_start, .)
 *(.preinit_array*)
                0x08003c50                PROVIDE (__preinit_array_end, .)
                0x08003c50                . = ALIGN (0x4)

.init_array     0x08003c50        0x8
                0x08003c50                . = ALIGN (0x4)
                0x08003c50                PROVIDE (__init_array_start, .)
 *(SORT(.init_array.*))
 .init_array.00000
                0x08003c50        0x4 c:/ac6/systemworkbench/plugins/fr.ac6.mcu.externaltools.arm-none.win32_1.13.2.201705091103/tools/compiler/bin/../lib/gcc/arm-none-eabi/5.4.1/../../../../arm-none-eabi/lib/armv6-m\libc.a(lib_a-__call_atexit.o)
 *(.init_array*)
 .init_array    0x08003c54        0x4 c:/ac6/systemworkbench/plugins/fr.ac6.mcu.externaltools.arm-none.win32_1.13.2.201705091103/tools/compiler/bin/../lib/gcc/arm-none-eabi/5.4.1/armv6-m/crtbegin.o
                0x08003c58                PROVIDE (__init_array_end, .)
                0x08003c58                . = ALIGN (0x4)

.fini_array     0x08003c58        0x4
                0x08003c58                . = ALIGN (0x4)
                0x08003c58                PROVIDE (__fini_array_start, .)
 *(SORT(.fini_array.*))
 *(.fini_array*)
 .fini_array    0x08003c58        0x4 c:/ac6/systemworkbench/plugins/fr.ac6.mcu.externaltools.arm-none.win32_1.13.2.201705091103/tools/compiler/bin/../lib/gcc/arm-none-eabi/5.4.1/armv6-m/crtbegin.o
                0x08003c5c                PROVIDE (__fini_array_end, .)
                0x08003c5c                . = ALIGN (0x4)
                0x08003c5c                _sidata = LOADADDR (.data)

.data           0x20000000      0x440 load address 0x08003c5c
                0x20000000                . = ALIGN (0x4)
                0x20000000                _sdata = .
 *(.data)
 .data          0x20000000       0x10 StdPeriph_Driver/src/stm32f0xx_rcc.o
 .data          0x20000010        0x2 src/main.o
                0x20000010                voltage
 *(.data*)
 *fill*         0x20000012        0x6 
 .data.impure_data
                0x20000018      0x428 c:/ac6/systemworkbench/plugins/fr.ac6.mcu.externaltools.arm-none.win32_1.13.2.201705091103/tools/compiler/bin/../lib/gcc/arm-none-eabi/5.4.1/../../../../arm-none-eabi/lib/armv6-m\libc.a(lib_a-impure.o)
                0x20000440                . = ALIGN (0x4)
                0x20000440                _edata = .

.jcr            0x20000440        0x0 load address 0x0800409c
 .jcr           0x20000440        0x0 c:/ac6/systemworkbench/plugins/fr.ac6.mcu.externaltools.arm-none.win32_1.13.2.201705091103/tools/compiler/bin/../lib/gcc/arm-none-eabi/5.4.1/armv6-m/crtbegin.o

.igot.plt       0x20000440        0x0 load address 0x0800409c
 .igot.plt      0x20000440        0x0 c:/ac6/systemworkbench/plugins/fr.ac6.mcu.externaltools.arm-none.win32_1.13.2.201705091103/tools/compiler/bin/../lib/gcc/arm-none-eabi/5.4.1/armv6-m/crtbegin.o
                0x20000440                . = ALIGN (0x4)

.bss            0x20000440       0x78 load address 0x0800409c
                0x20000440                _sbss = .
                0x20000440                __bss_start__ = _sbss
 *(.bss)
 .bss           0x20000440       0x1c c:/ac6/systemworkbench/plugins/fr.ac6.mcu.externaltools.arm-none.win32_1.13.2.201705091103/tools/compiler/bin/../lib/gcc/arm-none-eabi/5.4.1/armv6-m/crtbegin.o
 .bss           0x2000045c       0x11 src/main.o
                0x2000045c                RxIndeksRS
                0x2000045d                systick_leds
                0x2000045e                adc_val
                0x20000460                bat_led_flags
                0x20000461                led_flags
                0x20000464                str_buf
                0x2000046c                duty
 *(.bss*)
 *(COMMON)
 *fill*         0x2000046d        0x3 
 COMMON         0x20000470       0x48 src/main.o
                0x20000470                RxBufRS
                0x20000478                buffer
                0x200004b8                . = ALIGN (0x4)
                0x200004b8                _ebss = .
                0x200004b8                __bss_end__ = _ebss

._user_heap_stack
                0x200004b8      0x400 load address 0x0800409c
                0x200004b8                . = ALIGN (0x8)
                0x200004b8                PROVIDE (end, .)
                [!provide]                PROVIDE (_end, .)
                0x200004b8                . = (. + _Min_Heap_Size)
                0x200008b8                . = (. + _Min_Stack_Size)
 *fill*         0x200004b8      0x400 
                0x200008b8                . = ALIGN (0x8)

/DISCARD/
 libc.a(*)
 libm.a(*)
 libgcc.a(*)

.ARM.attributes
                0x00000000       0x28
 *(.ARM.attributes)
 .ARM.attributes
                0x00000000       0x1e c:/ac6/systemworkbench/plugins/fr.ac6.mcu.externaltools.arm-none.win32_1.13.2.201705091103/tools/compiler/bin/../lib/gcc/arm-none-eabi/5.4.1/armv6-m/crti.o
 .ARM.attributes
                0x0000001e       0x2c c:/ac6/systemworkbench/plugins/fr.ac6.mcu.externaltools.arm-none.win32_1.13.2.201705091103/tools/compiler/bin/../lib/gcc/arm-none-eabi/5.4.1/armv6-m/crtbegin.o
 .ARM.attributes
                0x0000004a       0x31 StdPeriph_Driver/src/stm32f0xx_adc.o
 .ARM.attributes
                0x0000007b       0x31 StdPeriph_Driver/src/stm32f0xx_flash.o
 .ARM.attributes
                0x000000ac       0x31 StdPeriph_Driver/src/stm32f0xx_gpio.o
 .ARM.attributes
                0x000000dd       0x31 StdPeriph_Driver/src/stm32f0xx_misc.o
 .ARM.attributes
                0x0000010e       0x31 StdPeriph_Driver/src/stm32f0xx_rcc.o
 .ARM.attributes
                0x0000013f       0x31 StdPeriph_Driver/src/stm32f0xx_tim.o
 .ARM.attributes
                0x00000170       0x31 StdPeriph_Driver/src/stm32f0xx_usart.o
 .ARM.attributes
                0x000001a1       0x31 src/adc.o
 .ARM.attributes
                0x000001d2       0x31 src/delay.o
 .ARM.attributes
                0x00000203       0x31 src/main.o
 .ARM.attributes
                0x00000234       0x31 src/motors.o
 .ARM.attributes
                0x00000265       0x31 src/rcc.o
 .ARM.attributes
                0x00000296       0x31 src/system_stm32f0xx.o
 .ARM.attributes
                0x000002c7       0x31 src/usart.o
 .ARM.attributes
                0x000002f8       0x21 startup/startup_stm32.o
 .ARM.attributes
                0x00000319       0x1e c:/ac6/systemworkbench/plugins/fr.ac6.mcu.externaltools.arm-none.win32_1.13.2.201705091103/tools/compiler/bin/../lib/gcc/arm-none-eabi/5.4.1/armv6-m\libgcc.a(_udivsi3.o)
 .ARM.attributes
                0x00000337       0x1e c:/ac6/systemworkbench/plugins/fr.ac6.mcu.externaltools.arm-none.win32_1.13.2.201705091103/tools/compiler/bin/../lib/gcc/arm-none-eabi/5.4.1/armv6-m\libgcc.a(_dvmd_tls.o)
 .ARM.attributes
                0x00000355       0x2c c:/ac6/systemworkbench/plugins/fr.ac6.mcu.externaltools.arm-none.win32_1.13.2.201705091103/tools/compiler/bin/../lib/gcc/arm-none-eabi/5.4.1/armv6-m\libgcc.a(_fixunsdfsi.o)
 .ARM.attributes
                0x00000381       0x2c c:/ac6/systemworkbench/plugins/fr.ac6.mcu.externaltools.arm-none.win32_1.13.2.201705091103/tools/compiler/bin/../lib/gcc/arm-none-eabi/5.4.1/armv6-m\libgcc.a(muldf3.o)
 .ARM.attributes
                0x000003ad       0x2c c:/ac6/systemworkbench/plugins/fr.ac6.mcu.externaltools.arm-none.win32_1.13.2.201705091103/tools/compiler/bin/../lib/gcc/arm-none-eabi/5.4.1/armv6-m\libgcc.a(subdf3.o)
 .ARM.attributes
                0x000003d9       0x2c c:/ac6/systemworkbench/plugins/fr.ac6.mcu.externaltools.arm-none.win32_1.13.2.201705091103/tools/compiler/bin/../lib/gcc/arm-none-eabi/5.4.1/armv6-m\libgcc.a(fixdfsi.o)
 .ARM.attributes
                0x00000405       0x2c c:/ac6/systemworkbench/plugins/fr.ac6.mcu.externaltools.arm-none.win32_1.13.2.201705091103/tools/compiler/bin/../lib/gcc/arm-none-eabi/5.4.1/armv6-m\libgcc.a(floatunsidf.o)
 .ARM.attributes
                0x00000431       0x1e c:/ac6/systemworkbench/plugins/fr.ac6.mcu.externaltools.arm-none.win32_1.13.2.201705091103/tools/compiler/bin/../lib/gcc/arm-none-eabi/5.4.1/armv6-m\libgcc.a(_arm_cmpdf2.o)
 .ARM.attributes
                0x0000044f       0x1e c:/ac6/systemworkbench/plugins/fr.ac6.mcu.externaltools.arm-none.win32_1.13.2.201705091103/tools/compiler/bin/../lib/gcc/arm-none-eabi/5.4.1/armv6-m\libgcc.a(_clzsi2.o)
 .ARM.attributes
                0x0000046d       0x2c c:/ac6/systemworkbench/plugins/fr.ac6.mcu.externaltools.arm-none.win32_1.13.2.201705091103/tools/compiler/bin/../lib/gcc/arm-none-eabi/5.4.1/armv6-m\libgcc.a(eqdf2.o)
 .ARM.attributes
                0x00000499       0x2c c:/ac6/systemworkbench/plugins/fr.ac6.mcu.externaltools.arm-none.win32_1.13.2.201705091103/tools/compiler/bin/../lib/gcc/arm-none-eabi/5.4.1/armv6-m\libgcc.a(gedf2.o)
 .ARM.attributes
                0x000004c5       0x2c c:/ac6/systemworkbench/plugins/fr.ac6.mcu.externaltools.arm-none.win32_1.13.2.201705091103/tools/compiler/bin/../lib/gcc/arm-none-eabi/5.4.1/armv6-m\libgcc.a(ledf2.o)
 .ARM.attributes
                0x000004f1       0x2c c:/ac6/systemworkbench/plugins/fr.ac6.mcu.externaltools.arm-none.win32_1.13.2.201705091103/tools/compiler/bin/../lib/gcc/arm-none-eabi/5.4.1/../../../../arm-none-eabi/lib/armv6-m\libc.a(lib_a-impure.o)
 .ARM.attributes
                0x0000051d       0x2c c:/ac6/systemworkbench/plugins/fr.ac6.mcu.externaltools.arm-none.win32_1.13.2.201705091103/tools/compiler/bin/../lib/gcc/arm-none-eabi/5.4.1/../../../../arm-none-eabi/lib/armv6-m\libc.a(lib_a-init.o)
 .ARM.attributes
                0x00000549       0x2c c:/ac6/systemworkbench/plugins/fr.ac6.mcu.externaltools.arm-none.win32_1.13.2.201705091103/tools/compiler/bin/../lib/gcc/arm-none-eabi/5.4.1/../../../../arm-none-eabi/lib/armv6-m\libc.a(lib_a-itoa.o)
 .ARM.attributes
                0x00000575       0x2c c:/ac6/systemworkbench/plugins/fr.ac6.mcu.externaltools.arm-none.win32_1.13.2.201705091103/tools/compiler/bin/../lib/gcc/arm-none-eabi/5.4.1/../../../../arm-none-eabi/lib/armv6-m\libc.a(lib_a-strlen-stub.o)
 .ARM.attributes
                0x000005a1       0x2c c:/ac6/systemworkbench/plugins/fr.ac6.mcu.externaltools.arm-none.win32_1.13.2.201705091103/tools/compiler/bin/../lib/gcc/arm-none-eabi/5.4.1/../../../../arm-none-eabi/lib/armv6-m\libc.a(lib_a-utoa.o)
 .ARM.attributes
                0x000005cd       0x2c c:/ac6/systemworkbench/plugins/fr.ac6.mcu.externaltools.arm-none.win32_1.13.2.201705091103/tools/compiler/bin/../lib/gcc/arm-none-eabi/5.4.1/../../../../arm-none-eabi/lib/armv6-m\libc.a(lib_a-__call_atexit.o)
 .ARM.attributes
                0x000005f9       0x2c c:/ac6/systemworkbench/plugins/fr.ac6.mcu.externaltools.arm-none.win32_1.13.2.201705091103/tools/compiler/bin/../lib/gcc/arm-none-eabi/5.4.1/../../../../arm-none-eabi/lib/armv6-m\libc.a(lib_a-atexit.o)
 .ARM.attributes
                0x00000625       0x2c c:/ac6/systemworkbench/plugins/fr.ac6.mcu.externaltools.arm-none.win32_1.13.2.201705091103/tools/compiler/bin/../lib/gcc/arm-none-eabi/5.4.1/../../../../arm-none-eabi/lib/armv6-m\libc.a(lib_a-fini.o)
 .ARM.attributes
                0x00000651       0x2c c:/ac6/systemworkbench/plugins/fr.ac6.mcu.externaltools.arm-none.win32_1.13.2.201705091103/tools/compiler/bin/../lib/gcc/arm-none-eabi/5.4.1/../../../../arm-none-eabi/lib/armv6-m\libc.a(lib_a-__atexit.o)
 .ARM.attributes
                0x0000067d       0x1e c:/ac6/systemworkbench/plugins/fr.ac6.mcu.externaltools.arm-none.win32_1.13.2.201705091103/tools/compiler/bin/../lib/gcc/arm-none-eabi/5.4.1/armv6-m/crtn.o
OUTPUT(dron.elf elf32-littlearm)

.comment        0x00000000       0x6e
 .comment       0x00000000       0x6e StdPeriph_Driver/src/stm32f0xx_adc.o
                                 0x6f (size before relaxing)
 .comment       0x0000006e       0x6f StdPeriph_Driver/src/stm32f0xx_flash.o
 .comment       0x0000006e       0x6f StdPeriph_Driver/src/stm32f0xx_gpio.o
 .comment       0x0000006e       0x6f StdPeriph_Driver/src/stm32f0xx_misc.o
 .comment       0x0000006e       0x6f StdPeriph_Driver/src/stm32f0xx_rcc.o
 .comment       0x0000006e       0x6f StdPeriph_Driver/src/stm32f0xx_tim.o
 .comment       0x0000006e       0x6f StdPeriph_Driver/src/stm32f0xx_usart.o
 .comment       0x0000006e       0x6f src/adc.o
 .comment       0x0000006e       0x6f src/delay.o
 .comment       0x0000006e       0x6f src/main.o
 .comment       0x0000006e       0x6f src/motors.o
 .comment       0x0000006e       0x6f src/rcc.o
 .comment       0x0000006e       0x6f src/system_stm32f0xx.o
 .comment       0x0000006e       0x6f src/usart.o

.debug_line     0x00000000       0x79
 .debug_line    0x00000000       0x79 startup/startup_stm32.o

.debug_info     0x00000000       0x6b
 .debug_info    0x00000000       0x6b startup/startup_stm32.o

.debug_abbrev   0x00000000       0x12
 .debug_abbrev  0x00000000       0x12 startup/startup_stm32.o

.debug_aranges  0x00000000       0x28
 .debug_aranges
                0x00000000       0x28 startup/startup_stm32.o

.debug_ranges   0x00000000       0x20
 .debug_ranges  0x00000000       0x20 startup/startup_stm32.o

.debug_frame    0x00000000      0x38c
 .debug_frame   0x00000000       0x20 c:/ac6/systemworkbench/plugins/fr.ac6.mcu.externaltools.arm-none.win32_1.13.2.201705091103/tools/compiler/bin/../lib/gcc/arm-none-eabi/5.4.1/armv6-m\libgcc.a(_udivsi3.o)
 .debug_frame   0x00000020       0x2c c:/ac6/systemworkbench/plugins/fr.ac6.mcu.externaltools.arm-none.win32_1.13.2.201705091103/tools/compiler/bin/../lib/gcc/arm-none-eabi/5.4.1/armv6-m\libgcc.a(_fixunsdfsi.o)
 .debug_frame   0x0000004c       0x3c c:/ac6/systemworkbench/plugins/fr.ac6.mcu.externaltools.arm-none.win32_1.13.2.201705091103/tools/compiler/bin/../lib/gcc/arm-none-eabi/5.4.1/armv6-m\libgcc.a(muldf3.o)
 .debug_frame   0x00000088       0x38 c:/ac6/systemworkbench/plugins/fr.ac6.mcu.externaltools.arm-none.win32_1.13.2.201705091103/tools/compiler/bin/../lib/gcc/arm-none-eabi/5.4.1/armv6-m\libgcc.a(subdf3.o)
 .debug_frame   0x000000c0       0x2c c:/ac6/systemworkbench/plugins/fr.ac6.mcu.externaltools.arm-none.win32_1.13.2.201705091103/tools/compiler/bin/../lib/gcc/arm-none-eabi/5.4.1/armv6-m\libgcc.a(fixdfsi.o)
 .debug_frame   0x000000ec       0x2c c:/ac6/systemworkbench/plugins/fr.ac6.mcu.externaltools.arm-none.win32_1.13.2.201705091103/tools/compiler/bin/../lib/gcc/arm-none-eabi/5.4.1/armv6-m\libgcc.a(floatunsidf.o)
 .debug_frame   0x00000118       0x38 c:/ac6/systemworkbench/plugins/fr.ac6.mcu.externaltools.arm-none.win32_1.13.2.201705091103/tools/compiler/bin/../lib/gcc/arm-none-eabi/5.4.1/armv6-m\libgcc.a(eqdf2.o)
 .debug_frame   0x00000150       0x38 c:/ac6/systemworkbench/plugins/fr.ac6.mcu.externaltools.arm-none.win32_1.13.2.201705091103/tools/compiler/bin/../lib/gcc/arm-none-eabi/5.4.1/armv6-m\libgcc.a(gedf2.o)
 .debug_frame   0x00000188       0x38 c:/ac6/systemworkbench/plugins/fr.ac6.mcu.externaltools.arm-none.win32_1.13.2.201705091103/tools/compiler/bin/../lib/gcc/arm-none-eabi/5.4.1/armv6-m\libgcc.a(ledf2.o)
 .debug_frame   0x000001c0       0x2c c:/ac6/systemworkbench/plugins/fr.ac6.mcu.externaltools.arm-none.win32_1.13.2.201705091103/tools/compiler/bin/../lib/gcc/arm-none-eabi/5.4.1/../../../../arm-none-eabi/lib/armv6-m\libc.a(lib_a-init.o)
 .debug_frame   0x000001ec       0x40 c:/ac6/systemworkbench/plugins/fr.ac6.mcu.externaltools.arm-none.win32_1.13.2.201705091103/tools/compiler/bin/../lib/gcc/arm-none-eabi/5.4.1/../../../../arm-none-eabi/lib/armv6-m\libc.a(lib_a-itoa.o)
 .debug_frame   0x0000022c       0x28 c:/ac6/systemworkbench/plugins/fr.ac6.mcu.externaltools.arm-none.win32_1.13.2.201705091103/tools/compiler/bin/../lib/gcc/arm-none-eabi/5.4.1/../../../../arm-none-eabi/lib/armv6-m\libc.a(lib_a-strlen-stub.o)
 .debug_frame   0x00000254       0x54 c:/ac6/systemworkbench/plugins/fr.ac6.mcu.externaltools.arm-none.win32_1.13.2.201705091103/tools/compiler/bin/../lib/gcc/arm-none-eabi/5.4.1/../../../../arm-none-eabi/lib/armv6-m\libc.a(lib_a-utoa.o)
 .debug_frame   0x000002a8       0x54 c:/ac6/systemworkbench/plugins/fr.ac6.mcu.externaltools.arm-none.win32_1.13.2.201705091103/tools/compiler/bin/../lib/gcc/arm-none-eabi/5.4.1/../../../../arm-none-eabi/lib/armv6-m\libc.a(lib_a-__call_atexit.o)
 .debug_frame   0x000002fc       0x28 c:/ac6/systemworkbench/plugins/fr.ac6.mcu.externaltools.arm-none.win32_1.13.2.201705091103/tools/compiler/bin/../lib/gcc/arm-none-eabi/5.4.1/../../../../arm-none-eabi/lib/armv6-m\libc.a(lib_a-atexit.o)
 .debug_frame   0x00000324       0x2c c:/ac6/systemworkbench/plugins/fr.ac6.mcu.externaltools.arm-none.win32_1.13.2.201705091103/tools/compiler/bin/../lib/gcc/arm-none-eabi/5.4.1/../../../../arm-none-eabi/lib/armv6-m\libc.a(lib_a-fini.o)
 .debug_frame   0x00000350       0x3c c:/ac6/systemworkbench/plugins/fr.ac6.mcu.externaltools.arm-none.win32_1.13.2.201705091103/tools/compiler/bin/../lib/gcc/arm-none-eabi/5.4.1/../../../../arm-none-eabi/lib/armv6-m\libc.a(lib_a-__atexit.o)
